// Jest Snapshot v1, https://goo.gl/fbAQLP

exports[`MediaList component should render correctly 1`] = `
ShallowWrapper {
  Symbol(enzyme.__root__): [Circular],
  Symbol(enzyme.__unrendered__): <MediaList
    description="Voyage to the moon"
    image="https://images.assets.nasa.gov/apollo11"
    item={
      Object {
        "links": Array [
          Object {
            "href": [MockFunction],
          },
        ],
      }
    }
    title="Apollo 11"
  />,
  Symbol(enzyme.__renderer__): Object {
    "batchedUpdates": [Function],
    "getNode": [Function],
    "render": [Function],
    "simulateError": [Function],
    "simulateEvent": [Function],
    "unmount": [Function],
  },
  Symbol(enzyme.__node__): Object {
    "instance": null,
    "key": undefined,
    "nodeType": "host",
    "props": Object {
      "children": Array [
        <h3>
          Apollo 11
        </h3>,
        <img
          alt="noimage"
          className="image-item"
          src={[MockFunction]}
        />,
      ],
      "className": "media-box image-frame",
    },
    "ref": null,
    "rendered": Array [
      Object {
        "instance": null,
        "key": undefined,
        "nodeType": "host",
        "props": Object {
          "children": "Apollo 11",
        },
        "ref": null,
        "rendered": "Apollo 11",
        "type": "h3",
      },
      Object {
        "instance": null,
        "key": undefined,
        "nodeType": "host",
        "props": Object {
          "alt": "noimage",
          "className": "image-item",
          "src": [MockFunction],
        },
        "ref": null,
        "rendered": null,
        "type": "img",
      },
    ],
    "type": "div",
  },
  Symbol(enzyme.__nodes__): Array [
    Object {
      "instance": null,
      "key": undefined,
      "nodeType": "host",
      "props": Object {
        "children": Array [
          <h3>
            Apollo 11
          </h3>,
          <img
            alt="noimage"
            className="image-item"
            src={[MockFunction]}
          />,
        ],
        "className": "media-box image-frame",
      },
      "ref": null,
      "rendered": Array [
        Object {
          "instance": null,
          "key": undefined,
          "nodeType": "host",
          "props": Object {
            "children": "Apollo 11",
          },
          "ref": null,
          "rendered": "Apollo 11",
          "type": "h3",
        },
        Object {
          "instance": null,
          "key": undefined,
          "nodeType": "host",
          "props": Object {
            "alt": "noimage",
            "className": "image-item",
            "src": [MockFunction],
          },
          "ref": null,
          "rendered": null,
          "type": "img",
        },
      ],
      "type": "div",
    },
  ],
  Symbol(enzyme.__options__): Object {
    "adapter": ReactSixteenAdapter {
      "options": Object {
        "enableComponentDidUpdateOnSetState": true,
        "lifecycles": Object {
          "componentDidUpdate": Object {
            "onSetState": true,
          },
          "getDerivedStateFromProps": true,
          "getSnapshotBeforeUpdate": true,
          "setState": Object {
            "skipsComponentDidUpdateOnNullish": true,
          },
        },
      },
    },
  },
}
`;
